ana1carvalho@ubuntu:~$ sudo apt update
[sudo] password for ana1carvalho: 
Sorry, try again.
[sudo] password for ana1carvalho: 
Get:1 http://security.ubuntu.com/ubuntu bionic-security InRelease [88.7 kB]   
Hit:2 http://us.archive.ubuntu.com/ubuntu bionic InRelease                    
Get:3 http://us.archive.ubuntu.com/ubuntu bionic-updates InRelease [88.7 kB]  
Get:4 http://security.ubuntu.com/ubuntu bionic-security/main i386 Packages [382 kB]
Get:5 http://us.archive.ubuntu.com/ubuntu bionic-backports InRelease [74.6 kB]
Get:6 http://us.archive.ubuntu.com/ubuntu bionic-updates/main amd64 Packages [764 kB]
Get:7 http://security.ubuntu.com/ubuntu bionic-security/main amd64 Packages [530 kB]
Get:8 http://security.ubuntu.com/ubuntu bionic-security/main amd64 DEP-11 Metadata [38.5 kB]
Get:9 http://us.archive.ubuntu.com/ubuntu bionic-updates/main i386 Packages [597 kB]
Get:10 http://security.ubuntu.com/ubuntu bionic-security/main DEP-11 48x48 Icons [17.6 kB]
Get:11 http://security.ubuntu.com/ubuntu bionic-security/main DEP-11 64x64 Icons [41.5 kB]
Get:12 http://security.ubuntu.com/ubuntu bionic-security/universe amd64 Packages [614 kB]
Get:13 http://us.archive.ubuntu.com/ubuntu bionic-updates/main Translation-en [273 kB]
Get:14 http://us.archive.ubuntu.com/ubuntu bionic-updates/main amd64 DEP-11 Metadata [295 kB]
Get:15 http://security.ubuntu.com/ubuntu bionic-security/universe i386 Packages [594 kB]
Get:16 http://us.archive.ubuntu.com/ubuntu bionic-updates/main DEP-11 48x48 Icons [73.8 kB]
Get:17 http://us.archive.ubuntu.com/ubuntu bionic-updates/main DEP-11 64x64 Icons [143 kB]
Get:18 http://security.ubuntu.com/ubuntu bionic-security/universe Translation-en [205 kB]
Get:19 http://us.archive.ubuntu.com/ubuntu bionic-updates/restricted amd64 Packages [16.7 kB]
Get:20 http://us.archive.ubuntu.com/ubuntu bionic-updates/restricted Translation-en [5,144 B]
Get:21 http://security.ubuntu.com/ubuntu bionic-security/universe amd64 DEP-11 Metadata [42.1 kB]
Get:22 http://us.archive.ubuntu.com/ubuntu bionic-updates/universe amd64 Packages [1,015 kB]
Get:23 http://security.ubuntu.com/ubuntu bionic-security/universe DEP-11 48x48 Icons [16.4 kB]
Get:24 http://security.ubuntu.com/ubuntu bionic-security/universe DEP-11 64x64 Icons [108 kB]
Get:25 http://security.ubuntu.com/ubuntu bionic-security/multiverse amd64 DEP-11 Metadata [2,460 B]
Get:26 http://us.archive.ubuntu.com/ubuntu bionic-updates/universe i386 Packages [982 kB]
Get:27 http://us.archive.ubuntu.com/ubuntu bionic-updates/universe Translation-en [312 kB]
Get:28 http://us.archive.ubuntu.com/ubuntu bionic-updates/universe amd64 DEP-11 Metadata [254 kB]
Get:29 http://us.archive.ubuntu.com/ubuntu bionic-updates/universe DEP-11 48x48 Icons [195 kB]
Get:30 http://us.archive.ubuntu.com/ubuntu bionic-updates/universe DEP-11 64x64 Icons [444 kB]
Get:31 http://us.archive.ubuntu.com/ubuntu bionic-updates/multiverse amd64 Packages [8,092 B]
Get:32 http://us.archive.ubuntu.com/ubuntu bionic-updates/multiverse Translation-en [3,972 B]
Get:33 http://us.archive.ubuntu.com/ubuntu bionic-updates/multiverse amd64 DEP-11 Metadata [2,464 B]
Get:34 http://us.archive.ubuntu.com/ubuntu bionic-backports/universe amd64 DEP-11 Metadata [7,916 B]
Fetched 8,235 kB in 20s (415 kB/s)                                            
Reading package lists... Done
Building dependency tree       
Reading state information... Done
172 packages can be upgraded. Run 'apt list --upgradable' to see them.
ana1carvalho@ubuntu:~$ sudo apt install git
E: dpkg was interrupted, you must manually run 'sudo dpkg --configure -a' to correct the problem. 
ana1carvalho@ubuntu:~$ sudo dpkg --configure -a
Processing triggers for ureadahead (0.100.0-21) ...
Setting up open-vm-tools (2:10.3.10-1~ubuntu0.18.04.1) ...
Created symlink /etc/systemd/system/open-vm-tools.service.requires/vgauth.service → /lib/systemd/system/vgauth.service.
Processing triggers for libc-bin (2.27-3ubuntu1) ...
Processing triggers for systemd (237-3ubuntu10.24) ...
ana1carvalho@ubuntu:~$ sudo apt install git
Reading package lists... Done
Building dependency tree       
Reading state information... Done
The following additional packages will be installed:
  git-man liberror-perl
Suggested packages:
  git-daemon-run | git-daemon-sysvinit git-doc git-el git-email git-gui gitk
  gitweb git-cvs git-mediawiki git-svn
The following NEW packages will be installed:
  git git-man liberror-perl
0 upgraded, 3 newly installed, 0 to remove and 172 not upgraded.
Need to get 4,733 kB of archives.
After this operation, 33.9 MB of additional disk space will be used.
Do you want to continue? [Y/n] y
Get:1 http://us.archive.ubuntu.com/ubuntu bionic/main amd64 liberror-perl all 0.17025-1 [22.8 kB]
Get:2 http://us.archive.ubuntu.com/ubuntu bionic-updates/main amd64 git-man all 1:2.17.1-1ubuntu0.4 [803 kB]
Get:3 http://us.archive.ubuntu.com/ubuntu bionic-updates/main amd64 git amd64 1:2.17.1-1ubuntu0.4 [3,907 kB]
Fetched 4,733 kB in 11s (432 kB/s)                                            
Selecting previously unselected package liberror-perl.
(Reading database ... 126373 files and directories currently installed.)
Preparing to unpack .../liberror-perl_0.17025-1_all.deb ...
Unpacking liberror-perl (0.17025-1) ...
Selecting previously unselected package git-man.
Preparing to unpack .../git-man_1%3a2.17.1-1ubuntu0.4_all.deb ...
Unpacking git-man (1:2.17.1-1ubuntu0.4) ...
Selecting previously unselected package git.
Preparing to unpack .../git_1%3a2.17.1-1ubuntu0.4_amd64.deb ...
Unpacking git (1:2.17.1-1ubuntu0.4) ...
Setting up git-man (1:2.17.1-1ubuntu0.4) ...
Setting up liberror-perl (0.17025-1) ...
Processing triggers for man-db (2.8.3-2ubuntu0.1) ...
Setting up git (1:2.17.1-1ubuntu0.4) ...
ana1carvalho@ubuntu:~$ mkdir app
ana1carvalho@ubuntu:~$ cd app
ana1carvalho@ubuntu:~/app$ ls
ana1carvalho@ubuntu:~/app$ git init
Initialized empty Git repository in /home/ana1carvalho/app/.git/
ana1carvalho@ubuntu:~/app$ nano dados.txt
ana1carvalho@ubuntu:~/app$ ls
dados.txt
ana1carvalho@ubuntu:~/app$ git add *
ana1carvalho@ubuntu:~/app$ git commit -m "Meus dados"

*** Please tell me who you are.

Run

  git config --global user.email "you@example.com"
  git config --global user.name "Your Name"

to set your account's default identity.
Omit --global to set the identity only in this repository.

fatal: unable to auto-detect email address (got 'ana1carvalho@ubuntu.(none)')
ana1carvalho@ubuntu:~/app$ mkdir Git Repos
ana1carvalho@ubuntu:~/app$ cd Git/
ana1carvalho@ubuntu:~/app/Git$ ls
ana1carvalho@ubuntu:~/app/Git$ git clone https://github.com/carolcarvalho29/meuinfnet.git
Cloning into 'meuinfnet'...
remote: Enumerating objects: 3, done.
remote: Counting objects: 100% (3/3), done.
Unpacking objects: 100% (3/3), done.
remote: Total 3 (delta 0), reused 0 (delta 0), pack-reused 0
ana1carvalho@ubuntu:~/app/Git$ ls
meuinfnet
ana1carvalho@ubuntu:~/app/Git$ echo "Carol" > dados.txt
ana1carvalho@ubuntu:~/app/Git$ ls
dados.txt  meuinfnet
ana1carvalho@ubuntu:~/app/Git$ git add *
warning: adding embedded git repository: Git/meuinfnet
hint: You've added another git repository inside your current repository.
hint: Clones of the outer repository will not contain the contents of
hint: the embedded repository and will not know how to obtain it.
hint: If you meant to add a submodule, use:
hint: 
hint: 	git submodule add <url> Git/meuinfnet
hint: 
hint: If you added this path by mistake, you can remove it from the
hint: index with:
hint: 
hint: 	git rm --cached Git/meuinfnet
hint: 
hint: See "git help submodule" for more information.
ana1carvalho@ubuntu:~/app/Git$ git commit -m "Meus dados"

*** Please tell me who you are.

Run

  git config --global user.email "you@example.com"
  git config --global user.name "Your Name"

to set your account's default identity.
Omit --global to set the identity only in this repository.

fatal: unable to auto-detect email address (got 'ana1carvalho@ubuntu.(none)')
ana1carvalho@ubuntu:~/app/Git$ git config --global user.email "ana.carvalho@al.infnet.edu.br"
ana1carvalho@ubuntu:~/app/Git$ git config --global user.name "carolcarvalho29"
ana1carvalho@ubuntu:~/app/Git$ git commit -m "Meus dados"
[master (root-commit) 39796dc] Meus dados
 3 files changed, 5 insertions(+)
 create mode 100644 Git/dados.txt
 create mode 160000 Git/meuinfnet
 create mode 100644 dados.txt
ana1carvalho@ubuntu:~/app/Git$ ls
dados.txt  meuinfnet
ana1carvalho@ubuntu:~/app/Git$ cd meuinfnet
ana1carvalho@ubuntu:~/app/Git/meuinfnet$ echo "Carol" > dados.txt
ana1carvalho@ubuntu:~/app/Git/meuinfnet$ git push
Username for 'https://github.com': carolcarvalho29
Password for 'https://carolcarvalho29@github.com': 
Everything up-to-date
ana1carvalho@ubuntu:~/app/Git/meuinfnet$ ls
dados.txt  README.md
ana1carvalho@ubuntu:~/app/Git/meuinfnet$ ls
dados.txt  README.md
ana1carvalho@ubuntu:~/app/Git/meuinfnet$ git add *
ana1carvalho@ubuntu:~/app/Git/meuinfnet$ git commit -m "Carol"
[master 939996a] Carol
 1 file changed, 1 insertion(+)
 create mode 100644 dados.txt
ana1carvalho@ubuntu:~/app/Git/meuinfnet$ git push
Username for 'https://github.com': carolcarvalho29
Password for 'https://carolcarvalho29@github.com': 
Counting objects: 3, done.
Compressing objects: 100% (2/2), done.
Writing objects: 100% (3/3), 285 bytes | 285.00 KiB/s, done.
Total 3 (delta 0), reused 0 (delta 0)
To https://github.com/carolcarvalho29/meuinfnet.git
   bdeddf8..939996a  master -> master
ana1carvalho@ubuntu:~/app/Git/meuinfnet$ 

